---
source: cli/src/config.rs
expression: "Config::parse(Some(squawk_toml.path().to_path_buf()))"
---
Ok(
    Some(
        Config {
            excluded_rules: [],
            pg_version: None,
            assume_transaction: Some(
                false,
            ),
        },
    ),
)
